// Jest Snapshot v1, https://goo.gl/fbAQLP

exports[`<Routes /> Should render the Routes 1`] = `ShallowWrapper {}`;
